29473
29989
58393
58763
58789
90533
97127
99089
104971
141223
154991
160081
170813
184733
198859
201151
224449
231719
250361
257473
297061
316297
324419
327059
338609
353317
357169
389171
394699
398249
430433
439723
452401
458683
460721
470167
477637
478697
482263
485909
498937
502937
509449
537307
538751
538939
551861
575063
575623
577739
609757
611213
614167
617657
619117
626987
644801
677563
678971
685819
689987
694313
697069
707437
729871
745273
750287
754651
777551
788429
803189
819101
834059
845567
846823
847969
854771
859633
880531
903949
906133
912451
919427
927743
942439
942827
962309
964219
981419
991261
