42
86
130
141
158
162
169
196
228
272
285
291
296
303
304
304
307
319
333
334
346
377
391
397
404
404
423
426
443
446
467
515
519
524
538
544
555
557
563
589
593
604
614
626
649
653
653
656
661
671
700
702
716
726
733
739
748
748
754
754
761
763
773
777
800
827
852
855
867
874
889
889
892
895
898
903
907
912
915
915
929
930
930
934
939
940
944
957
968
977
984
989
