409
484
485
551
683
745
758
789
796
838
858
925
936
954
970
982
995
996
1084
1152
1152
1161
1203
1213
1253
1273
1370
1387
1417
1417
1433
1467
1473
1473
1474
1480
1495
1497
1510
1565
1582
1600
1610
1610
1624
1625
1643
1649
1656
1665
1721
1725
1733
1788
1789
1832
1844
1849
1861
1862
1870
1874
1877
1904
1919
1922
1928
1937
1938
1951
1957
1984
1995
1997
2041
2063
2073
2098
2106
2112
2124
2141
2149
2194
2214
2238
2241
2243
2246
2247
2249
2255
2274
2275
2278
2284
2294
2309
2326
2329
2351
2352
2366
2366
2368
2370
2383
2389
2398
2402
2414
2421
2432
2443
2460
2472
2482
2488
2494
2498
2499
2504
2537
2548
2551
2561
2576
2594
2601
2606
2610
2613
2621
2627
2627
2631
2634
2635
2642
2651
2652
2654
2671
2673
2707
2709
2710
2711
2720
2725
2739
2748
2756
2765
2776
2792
2808
2819
2854
2859
2872
2875
2881
2887
2902
2906
2909
2912
2915
2923
2928
2946
2951
2960
2980
2980
2984
2985
2998
3034
3034
3036
3037
3049
3053
3069
3076
3077
3082
3090
3097
3112
3117
3118
3137
3138
3141
3143
3154
