1709
2311
2459
3049
3191
4793
6113
7247
8783
10993
12113
12619
13487
16703
17107
17117
18461
21031
23567
24659
25889
25969
26297
26557
28789
29483
29789
32971
33091
34061
35449
37253
38677
39079
39323
41777
42901
43331
43517
44171
44249
44843
44987
45439
45589
46219
47881
47981
48023
50789
52267
52457
54319
55487
57529
58979
59351
60107
60139
61153
61463
61729
61757
62351
63617
63659
64171
64237
64301
64453
66643
67349
68171
68567
68909
69031
70241
70793
72431
72577
72823
73063
74413
77291
77323
77849
78623
78737
79493
80567
81707
81773
82421
82421
83207
85313
87149
87221
87223
87281
88861
91199
91459
92297
93097
95717
98779
98849
99317
99607
