10
11
19
20
48
54
97
101
102
105
109
111
121
125
128
129
133
135
138
145
146
147
148
149
151
155
155
161
164
165
165
166
169
171
173
174
178
179
193
197
198
199
201
201
207
212
213
222
222
223
224
224
226
227
229
231
232
235
237
239
241
243
249
250
253
253
254
255
264
264
265
267
268
269
270
271
273
274
277
280
280
281
282
283
284
285
287
288
288
290
291
291
291
295
298
298
301
302
305
306
309
312
