16
20
21
31
32
33
36
36
36
38
44
52
54
56
56
58
58
60
60
61
63
65
65
70
71
73
74
77
78
82
82
82
82
83
84
84
84
86
86
89
91
92
93
93
94
96
98
99
