523
773
1193
1583
1601
1709
1913
2381
2411
2459
2617
2713
2851
2861
2939
3137
3391
3739
3863
3919
3967
4057
4373
4421
4877
5563
5591
5953
6101
6733
6917
7121
7129
7159
7703
7951
7993
8117
8527
8543
8543
8753
8761
8783
8863
8951
9067
9067
9161
9349
9439
9587
